// Jest Snapshot v1, https://goo.gl/fbAQLP

exports[`s2s-func-param-init default: default 1`] = `
"
// @flow

type A = { a: string, b: number }

function helloA(a: A) {}

type B = number

function helloB(b: B) {}

type C = { a: string, b: number }

function helloC({ a }: C) {}

function helloD() {}

function helloE(e) {}

      ↓ ↓ ↓ ↓ ↓ ↓

// @flow

type A = { a: string; b: number; };

function helloA({
  a,
  b
}: A) {}

type B = number;

function helloB(b: B) {}

type C = { a: string; b: number; };

function helloC({ a }: C) {}

function helloD() {}

function helloE(e) {}
"
`;
