// Jest Snapshot v1, https://goo.gl/fbAQLP

exports[`throw errors opts.after !== Array 1`] = `"Expected a Array got string"`;

exports[`throw errors opts.plugins !== Array 1`] = `"Expected a Array, got string"`;

exports[`throw errors opts.templates !== Array 1`] = `"Expected a Array got string"`;

exports[`throw errors opts.watch == null 1`] = `"required watch"`;

exports[`ファイルが追加されたときhandlePluginsが呼ばれる 1`] = `
Object {
  "afterHooks": Array [
    [Function],
  ],
  "ignored": Array [
    ".git/",
    "node_modules/",
  ],
  "plugins": Array [
    Object {
      "plugin": "dummy",
      "test": /dummy/,
    },
  ],
  "prettier": true,
  "templates": Array [
    Object {
      "input": "dummy",
      "test": /dummy/,
    },
  ],
  "watch": "app",
}
`;
